HP@Niveditha MINGW64 ~
$ ls *.ipym
ls: cannot access '*.ipym': No such file or directory

HP@Niveditha MINGW64 ~
$ ls *.ipynb
day1.ipynb  day2.ipynb  day3.ipynb  day4.ipynb

HP@Niveditha MINGW64 ~
$ mkdir my_work

HP@Niveditha MINGW64 ~
$ cp *.ipynb
cp: target 'day4.ipynb' is not a directory

HP@Niveditha MINGW64 ~
$ cp *.ipynb my_work

HP@Niveditha MINGW64 ~
$ cd my_work

HP@Niveditha MINGW64 ~/my_work
$ ls
day1.ipynb  day2.ipynb  day3.ipynb  day4.ipynb

HP@Niveditha MINGW64 ~/my_work
$ git init
Initialized empty Git repository in C:/Users/HP/my_work/.git/

HP@Niveditha MINGW64 ~/my_work (master)
$ git add .
warning: LF will be replaced by CRLF in day1.ipynb.
The file will have its original line endings in your working directory
warning: LF will be replaced by CRLF in day2.ipynb.
The file will have its original line endings in your working directory
warning: LF will be replaced by CRLF in day3.ipynb.
The file will have its original line endings in your working directory
warning: LF will be replaced by CRLF in day4.ipynb.
The file will have its original line endings in your working directory

HP@Niveditha MINGW64 ~/my_work (master)
$ git add.
git: 'add.' is not a git command. See 'git --help'.

The most similar command is
        add

HP@Niveditha MINGW64 ~/my_work (master)
$ git add .

HP@Niveditha MINGW64 ~/my_work (master)
$ git status
On branch master

No commits yet

Changes to be committed:
  (use "git rm --cached <file>..." to unstage)

        new file:   day1.ipynb
        new file:   day2.ipynb
        new file:   day3.ipynb
        new file:   day4.ipynb


HP@Niveditha MINGW64 ~/my_work (master)
$ git add hello
fatal: pathspec 'hello' did not match any files

HP@Niveditha MINGW64 ~/my_work (master)
$ git status
On branch master

No commits yet

Changes to be committed:
  (use "git rm --cached <file>..." to unstage)

        new file:   day1.ipynb
        new file:   day2.ipynb
        new file:   day3.ipynb
        new file:   day4.ipynb


HP@Niveditha MINGW64 ~/my_work (master)
$ git log
fatal: your current branch 'master' does not have any commits yet

HP@Niveditha MINGW64 ~/my_work (master)
$ get comment -m  my first comment
bash: get: command not found

HP@Niveditha MINGW64 ~/my_work (master)
$ get commit -m  my first comment
bash: get: command not found

HP@Niveditha MINGW64 ~/my_work (master)
$ git commit -m  my first comment
error: pathspec 'first' did not match any file(s) known to git
error: pathspec 'comment' did not match any file(s) known to git

HP@Niveditha MINGW64 ~/my_work (master)
$ git commit -m  "my first comment"

*** Please tell me who you are.

Run

  git config --global user.email "you@example.com"
  git config --global user.name "Your Name"

to set your account's default identity.
Omit --global to set the identity only in this repository.

fatal: unable to auto-detect email address (got 'HP@Niveditha.(none)')

HP@Niveditha MINGW64 ~/my_work (master)
$
  git config --global user.name "Your Name"

HP@Niveditha MINGW64 ~/my_work (master)
$   git config --global user.email "you@example.com"

HP@Niveditha MINGW64 ~/my_work (master)
$   git config --global user.name "Your Name"

HP@Niveditha MINGW64 ~/my_work (master)
$   git config --global user.email "niveditharnaik999@gmail.com"

HP@Niveditha MINGW64 ~/my_work (master)
$   git config --global user.name "niveditha999"

HP@Niveditha MINGW64 ~/my_work (master)
$   git config --global user.email "niveditharnaik999@gmail.com"

HP@Niveditha MINGW64 ~/my_work (master)
$ git log
fatal: your current branch 'master' does not have any commits yet

HP@Niveditha MINGW64 ~/my_work (master)
$   git config --global user.email "niveditharnaik999@gmail.com"

HP@Niveditha MINGW64 ~/my_work (master)
$   git config --global user.name "niveditha999"

HP@Niveditha MINGW64 ~/my_work (master)
$ git commit -m  "my first comment"
[master (root-commit) b847778] my first comment
 4 files changed, 12368 insertions(+)
 create mode 100644 day1.ipynb
 create mode 100644 day2.ipynb
 create mode 100644 day3.ipynb
 create mode 100644 day4.ipynb

HP@Niveditha MINGW64 ~/my_work (master)
$ get log
bash: get: command not found

HP@Niveditha MINGW64 ~/my_work (master)
$ git log
commit b847778b599e63e9237947a6c926b7afa0529555 (HEAD -> master)
Author: niveditha999 <niveditharnaik999@gmail.com>
Date:   Thu Jul 11 15:41:39 2019 +0530

    my first comment

HP@Niveditha MINGW64 ~/my_work (master)
$ git commit -m  "my second comment"
On branch master
nothing to commit, working tree clean

HP@Niveditha MINGW64 ~/my_work (master)
$ git log
commit b847778b599e63e9237947a6c926b7afa0529555 (HEAD -> master)
Author: niveditha999 <niveditharnaik999@gmail.com>
Date:   Thu Jul 11 15:41:39 2019 +0530

    my first comment

HP@Niveditha MINGW64 ~/my_work (master)
$ touch niveditha

HP@Niveditha MINGW64 ~/my_work (master)
$

HP@Niveditha MINGW64 ~/my_work (master)
$ git add .

HP@Niveditha MINGW64 ~/my_work (master)
$ git commit -m  "my second comment"
[master 91d9d11] my second comment
 1 file changed, 0 insertions(+), 0 deletions(-)
 create mode 100644 niveditha

HP@Niveditha MINGW64 ~/my_work (master)
$ touch niveditha

HP@Niveditha MINGW64 ~/my_work (master)
$ git status
On branch master
nothing to commit, working tree clean

HP@Niveditha MINGW64 ~/my_work (master)
$ git log
commit 91d9d115c08e61beda74b3f8a18a149c14c44d70 (HEAD -> master)
Author: niveditha999 <niveditharnaik999@gmail.com>
Date:   Thu Jul 11 15:47:22 2019 +0530

    my second comment

commit b847778b599e63e9237947a6c926b7afa0529555
Author: niveditha999 <niveditharnaik999@gmail.com>
Date:   Thu Jul 11 15:41:39 2019 +0530

    my first comment

HP@Niveditha MINGW64 ~/my_work (master)
$ git status
On branch master
nothing to commit, working tree clean

HP@Niveditha MINGW64 ~/my_work (master)
$ git status
On branch master
nothing to commit, working tree clean

HP@Niveditha MINGW64 ~/my_work (master)
$ git status
On branch master
nothing to commit, working tree clean

HP@Niveditha MINGW64 ~/my_work (master)
$ git status
On branch master
nothing to commit, working tree clean

HP@Niveditha MINGW64 ~/my_work (master)
$ git status
On branch master
Changes not staged for commit:
  (use "git add <file>..." to update what will be committed)
  (use "git checkout -- <file>..." to discard changes in working directory)

        modified:   day4.ipynb

Untracked files:
  (use "git add <file>..." to include in what will be committed)

        .ipynb_checkpoints/

no changes added to commit (use "git add" and/or "git commit -a")

HP@Niveditha MINGW64 ~/my_work (master)
$ git add .
warning: LF will be replaced by CRLF in day4.ipynb.
The file will have its original line endings in your working directory
warning: LF will be replaced by CRLF in .ipynb_checkpoints/day4-checkpoint.ipynb.
The file will have its original line endings in your working directory

HP@Niveditha MINGW64 ~/my_work (master)
$ git commit -m  "i modified my file "
[master cb6a12d] i modified my file
 2 files changed, 3571 insertions(+), 3 deletions(-)
 create mode 100644 .ipynb_checkpoints/day4-checkpoint.ipynb

HP@Niveditha MINGW64 ~/my_work (master)
$ git log
commit cb6a12da867271492aac854ec5b27d8cd1fc10a5 (HEAD -> master)
Author: niveditha999 <niveditharnaik999@gmail.com>
Date:   Thu Jul 11 16:01:42 2019 +0530

    i modified my file

commit 91d9d115c08e61beda74b3f8a18a149c14c44d70
Author: niveditha999 <niveditharnaik999@gmail.com>
Date:   Thu Jul 11 15:47:22 2019 +0530

    my second comment

commit b847778b599e63e9237947a6c926b7afa0529555
Author: niveditha999 <niveditharnaik999@gmail.com>
Date:   Thu Jul 11 15:41:39 2019 +0530

    my first comment

HP@Niveditha MINGW64 ~/my_work (master)
$ echo "# niveditha" >> README.md

HP@Niveditha MINGW64 ~/my_work (master)
$ git init
Reinitialized existing Git repository in C:/Users/HP/my_work/.git/

HP@Niveditha MINGW64 ~/my_work (master)
$ git add README.md
warning: LF will be replaced by CRLF in README.md.
The file will have its original line endings in your working directory

HP@Niveditha MINGW64 ~/my_work (master)
$ git commit -m "first commit"
[master 47fcdc1] first commit
 1 file changed, 1 insertion(+)
 create mode 100644 README.md

HP@Niveditha MINGW64 ~/my_work (master)
$ git remote add origin https://github.com/niveditha999/niveditha.git

HP@Niveditha MINGW64 ~/my_work (master)
$ git push -u origin master

Logon failed, use ctrl+c to cancel basic credential prompt.
Username for 'https://github.com': remote: No anonymous write access.
fatal: Authentication failed for 'https://github.com/niveditha999/niveditha.git/'

HP@Niveditha MINGW64 ~/my_work (master)
$ echo "# niveditha" >> README.md

HP@Niveditha MINGW64 ~/my_work (master)
$ git init
Reinitialized existing Git repository in C:/Users/HP/my_work/.git/

HP@Niveditha MINGW64 ~/my_work (master)
$ git add README.md
warning: LF will be replaced by CRLF in README.md.
The file will have its original line endings in your working directory

HP@Niveditha MINGW64 ~/my_work (master)
$ git commit -m "first commit"
[master 7e31f64] first commit
 1 file changed, 1 insertion(+)

HP@Niveditha MINGW64 ~/my_work (master)
$ git remote add origin https://github.com/niveditha999/niveditha.git
fatal: remote origin already exists.

HP@Niveditha MINGW64 ~/my_work (master)
$ git push -u origin master
Enumerating objects: 19, done.
Counting objects: 100% (19/19), done.
Delta compression using up to 4 threads
Compressing objects: 100% (15/15), done.
Writing objects: 100% (19/19), 312.04 KiB | 6.12 MiB/s, done.
Total 19 (delta 7), reused 0 (delta 0)
remote: Resolving deltas: 100% (7/7), done.
To https://github.com/niveditha999/niveditha.git
 * [new branch]      master -> master
Branch 'master' set up to track remote branch 'master' from 'origin'.

HP@Niveditha MINGW64 ~/my_work (master)
$
